[backblue.gif]
[fade.gif]
[index.html]
[pythonexercises.rozh2sch.org.ua/images/pdownloads.png]
[pythonexercises.rozh2sch.org.ua/images/python_session_windows.png]
[pythonexercises.rozh2sch.org.ua/images/python_session_linux_ubuntu.png]
[pythonexercises.rozh2sch.org.ua/images/hello_python_windows.png]
[pythonexercises.rozh2sch.org.ua/images/808.gif]
[pythonexercises.rozh2sch.org.ua/images/python39_install_windows.gif]
[pythonexercises.rozh2sch.org.ua/images/gif_idle_linux_ubuntu.gif]
[pythonexercises.rozh2sch.org.ua/images/gif_notepad++_windows.gif]
[pythonexercises.rozh2sch.org.ua/images/gif_vscode_windows.gif]
[pythonexercises.rozh2sch.org.ua/images/gif_pyscripter_windows.gif]
[pythonexercises.rozh2sch.org.ua/images/gif_wingide101_windows.gif]
[pythonexercises.rozh2sch.org.ua/images/gif_geany_windows.gif]
[pythonexercises.rozh2sch.org.ua/images/gif_geany_linux_ubuntu.gif]
[pythonexercises.rozh2sch.org.ua/images/gif_pycharm_windows.gif]
[pythonexercises.rozh2sch.org.ua/images/debugging_python_code_ukr.png]
[pythonexercises.rozh2sch.org.ua/highlight/highlight.min.js]
[pythonexercises.rozh2sch.org.ua/index.html]
[pythonexercises.rozh2sch.org.ua/css/fontawesome-free-5.15.1-web/webfonts/fa-brands-400.eot]
[pythonexercises.rozh2sch.org.ua/css/fontawesome-free-5.15.1-web/webfonts/fa-brands-400d41d.eot]
[pythonexercises.rozh2sch.org.ua/css/fontawesome-free-5.15.1-web/webfonts/fa-brands-400.woff2]
[pythonexercises.rozh2sch.org.ua/css/fontawesome-free-5.15.1-web/webfonts/fa-brands-400.woff]
[pythonexercises.rozh2sch.org.ua/css/fontawesome-free-5.15.1-web/webfonts/fa-brands-400.ttf]
[pythonexercises.rozh2sch.org.ua/css/fontawesome-free-5.15.1-web/webfonts/fa-regular-400.eot]
[pythonexercises.rozh2sch.org.ua/css/fontawesome-free-5.15.1-web/webfonts/fa-regular-400d41d.eot]
[pythonexercises.rozh2sch.org.ua/css/fontawesome-free-5.15.1-web/webfonts/fa-regular-400.woff2]
[pythonexercises.rozh2sch.org.ua/css/fontawesome-free-5.15.1-web/webfonts/fa-regular-400.woff]
[pythonexercises.rozh2sch.org.ua/css/fontawesome-free-5.15.1-web/webfonts/fa-regular-400.ttf]
[pythonexercises.rozh2sch.org.ua/css/fontawesome-free-5.15.1-web/webfonts/fa-solid-900.eot]
[pythonexercises.rozh2sch.org.ua/css/fontawesome-free-5.15.1-web/webfonts/fa-solid-900d41d.eot]
[pythonexercises.rozh2sch.org.ua/css/fontawesome-free-5.15.1-web/webfonts/fa-solid-900.woff2]
[pythonexercises.rozh2sch.org.ua/css/fontawesome-free-5.15.1-web/webfonts/fa-solid-900.woff]
[pythonexercises.rozh2sch.org.ua/css/fontawesome-free-5.15.1-web/webfonts/fa-solid-900.ttf]
[pythonexercises.rozh2sch.org.ua/css/fontawesome-free-5.15.1-web/css/all.css]
[pythonexercises.rozh2sch.org.ua/highlight/styles/arta.min.css]
[pythonexercises.rozh2sch.org.ua/images/favicon.svg]
[pythonexercises.rozh2sch.org.ua/css/googlefonts.css]
[pythonexercises.rozh2sch.org.ua/css/fontawesome-free-5.15.1-web/webfonts/fa-brands-400.svg]
[pythonexercises.rozh2sch.org.ua/css/fontawesome-free-5.15.1-web/webfonts/fa-regular-400.svg]
[pythonexercises.rozh2sch.org.ua/css/fontawesome-free-5.15.1-web/webfonts/fa-solid-900.svg]
